A51 MACRO ASSEMBLER  MAIN                                                                 03/19/2024 23:08:30 PAGE     1


MACRO ASSEMBLER A51 V8.2.7.0
OBJECT MODULE PLACED IN .\Objects\main.obj
ASSEMBLER INVOKED BY: D:\Keil_v5\C51\BIN\A51.EXE main.a51 SET(SMALL) DEBUG PRINT(.\Listings\main.lst) OBJECT(.\Objects\m
                      ain.obj) EP

LOC  OBJ            LINE     SOURCE

0000                   1     org 0000h
0000 020500            2     ljmp main
                       3     
0500                   4     org 0500h
0500                   5     main:
0500 74FE              6     mov a,#0feh
0502 F590              7     mov p1,a
0504                   8     loop:
0504 12050E            9     lcall delay
0507 23               10     rl a
0508 F590             11     mov p1,a
050A 80F8             12     sjmp loop
                      13     
050C 80FE             14     sjmp $
                      15             
050E                  16     delay:
050E 7EFF             17     mov r6, #255
0510                  18     delay1: 
0510 7FFF             19     mov r7, #255
0512                  20     delay2: 
0512 DFFE             21     djnz r7, delay2
0514 DEFA             22     djnz r6, delay1
0516 22               23     ret
                      24     
                      25     end
A51 MACRO ASSEMBLER  MAIN                                                                 03/19/2024 23:08:30 PAGE     2

SYMBOL TABLE LISTING
------ ----- -------


N A M E             T Y P E  V A L U E   ATTRIBUTES

DELAY. . . . . . .  C ADDR   050EH   A   
DELAY1 . . . . . .  C ADDR   0510H   A   
DELAY2 . . . . . .  C ADDR   0512H   A   
LOOP . . . . . . .  C ADDR   0504H   A   
MAIN . . . . . . .  C ADDR   0500H   A   
P1 . . . . . . . .  D ADDR   0090H   A   


REGISTER BANK(S) USED: 0 


ASSEMBLY COMPLETE.  0 WARNING(S), 0 ERROR(S)
